
> makarem-ajyad-hotel@0.1.0 dev
> next dev --port 4188

▲ Next.js 16.3.6 (Turbopack)
- Local:         http://localhost:4188
- Network:       http://172.29.208.1:4188
✓ Ready in 560ms
⚠ Warning: Next.js ignored package-lock.json in C:\Users\computeronline because it would include your home directory (C:\Users\computeronline).
 To use this directory, set `turbopack.root` in your Next.js config.

✓ Running next.config.ts took 51ms

 GET / 200 in 447ms (next.js: 181ms, application-code: 266ms)
 GET / 200 in 91ms (next.js: 3ms, application-code: 88ms)
 GET / 200 in 109ms (next.js: 4ms, application-code: 105ms)
 GET / 200 in 214ms (next.js: 5ms, application-code: 208ms)
⚠ Blocked cross-origin request to Next.js dev resource /_next/hmr from "127.0.0.1".
Cross-origin access to Next.js dev resources is blocked by default for safety.

To allow this host in development, add it to "allowedDevOrigins" in next.config.js and restart the dev server:

// next.config.js
module.exports = {
  allowedDevOrigins: ['127.0.0.1'],
}

Read more: https://nextjs.org/docs/app/api-reference/config/next-config-js/allowedDevOrigins
 GET / 200 in 117ms (next.js: 4ms, application-code: 114ms)
 GET / 200 in 158ms (next.js: 6ms, application-code: 152ms)
 GET / 200 in 180ms (next.js: 3ms, application-code: 177ms)
 GET / 200 in 109ms (next.js: 5ms, application-code: 103ms)
 GET / 200 in 155ms (next.js: 6ms, application-code: 149ms)
 GET / 200 in 131ms (next.js: 4ms, application-code: 127ms)
 GET / 200 in 123ms (next.js: 6ms, application-code: 118ms)
 GET / 200 in 101ms (next.js: 3ms, application-code: 98ms)
 GET /contact 200 in 62ms (next.js: 34ms, application-code: 27ms)
[browser] Detected `scroll-behavior: smooth` on the `<html>` element. To disable smooth scrolling during route transitions, add `data-scroll-behavior="smooth"` to your <html> element. Learn more: https://nextjs.org/docs/messages/missing-data-scroll-behavior
 GET / 200 in 199ms (next.js: 6ms, application-code: 193ms)
 GET / 200 in 99ms (next.js: 3ms, application-code: 96ms)
 GET / 200 in 19ms (next.js: 3ms, application-code: 16ms)
 GET / 200 in 144ms (next.js: 3ms, application-code: 141ms)
 GET / 200 in 166ms (next.js: 4ms, application-code: 163ms)
 GET / 200 in 141ms (next.js: 3ms, application-code: 138ms)
 GET / 200 in 99ms (next.js: 3ms, application-code: 96ms)
 GET / 200 in 84ms (next.js: 3ms, application-code: 82ms)
 GET / 200 in 84ms (next.js: 3ms, application-code: 80ms)
 GET / 200 in 86ms (next.js: 3ms, application-code: 84ms)
 GET / 200 in 154ms (next.js: 4ms, application-code: 151ms)
 GET / 200 in 138ms (next.js: 3ms, application-code: 135ms)
 GET / 200 in 120ms (next.js: 3ms, application-code: 116ms)
 GET / 200 in 122ms (next.js: 4ms, application-code: 119ms)
 GET / 200 in 94ms (next.js: 3ms, application-code: 91ms)
 GET / 200 in 100ms (next.js: 3ms, application-code: 97ms)
 GET / 200 in 95ms (next.js: 2ms, application-code: 92ms)
 GET / 200 in 109ms (next.js: 3ms, application-code: 106ms)
 GET / 200 in 103ms (next.js: 3ms, application-code: 100ms)
 GET / 200 in 123ms (next.js: 4ms, application-code: 119ms)
 GET / 200 in 227ms (next.js: 6ms, application-code: 221ms)
 GET /rooms 200 in 52ms (next.js: 26ms, application-code: 26ms)
[browser] Detected `scroll-behavior: smooth` on the `<html>` element. To disable smooth scrolling during route transitions, add `data-scroll-behavior="smooth"` to your <html> element. Learn more: https://nextjs.org/docs/messages/missing-data-scroll-behavior
 GET /rooms 200 in 76ms (next.js: 11ms, application-code: 65ms)
✓ Compiled in 380ms
 GET / 200 in 36ms (next.js: 11ms, application-code: 25ms)
 GET /rooms 200 in 115ms (next.js: 8ms, application-code: 106ms)
✓ Compiled in 99ms
⚠ Fast Refresh had to perform a full reload when ./src/lib/i18n.tsx changed. Read more: https://nextjs.org/docs/messages/fast-refresh-reload
⚠ Fast Refresh had to perform a full reload when ./src/lib/i18n.tsx changed. Read more: https://nextjs.org/docs/messages/fast-refresh-reload
 GET /rooms 200 in 282ms (next.js: 12ms, application-code: 270ms)
 GET /rooms 200 in 226ms (next.js: 7ms, application-code: 219ms)
 GET /rooms 200 in 230ms (next.js: 17ms, application-code: 213ms)
 GET /rooms 200 in 228ms (next.js: 11ms, application-code: 217ms)
⚠ Fast Refresh had to perform a full reload when ./src/lib/i18n.tsx changed. Read more: https://nextjs.org/docs/messages/fast-refresh-reload
⚠ Fast Refresh had to perform a full reload when ./src/lib/i18n.tsx changed. Read more: https://nextjs.org/docs/messages/fast-refresh-reload
✓ Compiled in 53ms
 GET /rooms 200 in 218ms (next.js: 12ms, application-code: 206ms)
 GET /rooms 200 in 169ms (next.js: 3ms, application-code: 166ms)
 GET /rooms 200 in 221ms (next.js: 32ms, application-code: 189ms)
 GET /rooms 200 in 165ms (next.js: 72ms, application-code: 93ms)
 GET /rooms 200 in 69ms (next.js: 3ms, application-code: 67ms)
 GET /rooms 200 in 80ms (next.js: 2ms, application-code: 77ms)
 GET /rooms 200 in 78ms (next.js: 3ms, application-code: 75ms)
[browser] Image with src "/images/junior-suite.jpg" was detected as the Largest Contentful Paint (LCP). Please add the `loading="eager"` property if this image is above the fold.
Read more: https://nextjs.org/docs/app/api-reference/components/image#loading
[browser] Image with src "/images/junior-suite.jpg" was detected as the Largest Contentful Paint (LCP). Please add the `loading="eager"` property if this image is above the fold.
Read more: https://nextjs.org/docs/app/api-reference/components/image#loading
 GET /contact 200 in 26ms (next.js: 10ms, application-code: 16ms)
[browser] Detected `scroll-behavior: smooth` on the `<html>` element. To disable smooth scrolling during route transitions, add `data-scroll-behavior="smooth"` to your <html> element. Learn more: https://nextjs.org/docs/messages/missing-data-scroll-behavior
 GET / 200 in 33ms (next.js: 8ms, application-code: 26ms)
 GET / 200 in 19ms (next.js: 3ms, application-code: 16ms)
[browser] Detected `scroll-behavior: smooth` on the `<html>` element. To disable smooth scrolling during route transitions, add `data-scroll-behavior="smooth"` to your <html> element. Learn more: https://nextjs.org/docs/messages/missing-data-scroll-behavior
 GET /rooms/deluxe-double-room 200 in 614ms (next.js: 535ms, application-code: 80ms)
 GET /contact?offer=early-umrah 200 in 23ms (next.js: 3ms, application-code: 19ms)
 GET /offers 200 in 49ms (next.js: 26ms, application-code: 23ms)
 GET /rooms 200 in 22ms (next.js: 3ms, application-code: 19ms)
 GET / 200 in 21ms (next.js: 4ms, application-code: 17ms)
 GET /contact 200 in 20ms (next.js: 3ms, application-code: 17ms)
 GET / 200 in 17ms (next.js: 3ms, application-code: 14ms)
 GET /rooms/deluxe-queen 200 in 111ms (next.js: 11ms, application-code: 100ms)
 GET /offers 200 in 92ms (next.js: 4ms, application-code: 89ms)
[browser] Image with src "/images/umrah-family.jpg" was detected as the Largest Contentful Paint (LCP). Please add the `loading="eager"` property if this image is above the fold.
Read more: https://nextjs.org/docs/app/api-reference/components/image#loading
 GET /contact 200 in 117ms (next.js: 5ms, application-code: 112ms)
 GET / 200 in 122ms (next.js: 4ms, application-code: 118ms)
 GET /rooms 200 in 24ms (next.js: 4ms, application-code: 20ms)
[browser] Detected `scroll-behavior: smooth` on the `<html>` element. To disable smooth scrolling during route transitions, add `data-scroll-behavior="smooth"` to your <html> element. Learn more: https://nextjs.org/docs/messages/missing-data-scroll-behavior
 GET / 200 in 22ms (next.js: 3ms, application-code: 19ms)
✓ Compiled in 59ms
 GET / 200 in 86ms (next.js: 9ms, application-code: 77ms)
 GET / 200 in 52ms (next.js: 30ms, application-code: 22ms)
 GET /contact 200 in 54ms (next.js: 11ms, application-code: 43ms)
 GET / 200 in 121ms (next.js: 4ms, application-code: 117ms)
 GET / 200 in 95ms (next.js: 7ms, application-code: 89ms)
 GET / 200 in 82ms (next.js: 2ms, application-code: 79ms)
 GET / 200 in 98ms (next.js: 3ms, application-code: 95ms)
 GET / 200 in 90ms (next.js: 2ms, application-code: 88ms)
 GET / 200 in 77ms (next.js: 2ms, application-code: 75ms)
 GET / 200 in 79ms (next.js: 2ms, application-code: 77ms)
 GET / 200 in 86ms (next.js: 5ms, application-code: 81ms)
 GET / 200 in 84ms (next.js: 2ms, application-code: 82ms)
 GET / 200 in 89ms (next.js: 2ms, application-code: 86ms)
 GET / 200 in 80ms (next.js: 2ms, application-code: 78ms)
 GET / 200 in 77ms (next.js: 2ms, application-code: 75ms)
 GET / 200 in 82ms (next.js: 2ms, application-code: 79ms)
 GET / 200 in 77ms (next.js: 2ms, application-code: 75ms)
 GET / 200 in 79ms (next.js: 8ms, application-code: 72ms)
 GET / 200 in 78ms (next.js: 2ms, application-code: 76ms)
 GET / 200 in 78ms (next.js: 2ms, application-code: 76ms)
 GET / 200 in 78ms (next.js: 2ms, application-code: 76ms)
 GET / 200 in 82ms (next.js: 4ms, application-code: 79ms)
 GET / 200 in 79ms (next.js: 1.9ms, application-code: 77ms)
 GET / 200 in 99ms (next.js: 8ms, application-code: 92ms)
 GET / 200 in 99ms (next.js: 8ms, application-code: 91ms)
 GET / 200 in 82ms (next.js: 2ms, application-code: 80ms)
 GET / 200 in 81ms (next.js: 2.0ms, application-code: 79ms)
 GET / 200 in 82ms (next.js: 1.9ms, application-code: 80ms)
 GET / 200 in 83ms (next.js: 2ms, application-code: 81ms)
 GET / 200 in 82ms (next.js: 2ms, application-code: 80ms)
 GET / 200 in 102ms (next.js: 8ms, application-code: 94ms)
 GET / 200 in 99ms (next.js: 5ms, application-code: 94ms)
 GET / 200 in 125ms (next.js: 3ms, application-code: 122ms)
 GET / 200 in 163ms (next.js: 9ms, application-code: 154ms)
 GET / 200 in 131ms (next.js: 4ms, application-code: 127ms)
 GET / 200 in 174ms (next.js: 3ms, application-code: 171ms)
 GET / 200 in 171ms (next.js: 3ms, application-code: 168ms)
 GET /contact 200 in 27ms (next.js: 4ms, application-code: 23ms)
[browser] Detected `scroll-behavior: smooth` on the `<html>` element. To disable smooth scrolling during route transitions, add `data-scroll-behavior="smooth"` to your <html> element. Learn more: https://nextjs.org/docs/messages/missing-data-scroll-behavior
 GET / 200 in 27ms (next.js: 4ms, application-code: 24ms)
 GET / 200 in 141ms (next.js: 3ms, application-code: 138ms)
 GET / 200 in 149ms (next.js: 4ms, application-code: 145ms)
 GET / 200 in 187ms (next.js: 3ms, application-code: 184ms)
 GET / 200 in 116ms (next.js: 4ms, application-code: 112ms)
 GET / 200 in 119ms (next.js: 3ms, application-code: 116ms)
 GET / 200 in 165ms (next.js: 8ms, application-code: 156ms)
 GET /?fresh=1 200 in 101ms (next.js: 2ms, application-code: 98ms)
 GET /?fresh=1 200 in 132ms (next.js: 3ms, application-code: 129ms)
 GET /?fresh=1 200 in 147ms (next.js: 3ms, application-code: 144ms)
⚠ Blocked cross-origin request to Next.js dev resource /__nextjs_font/geist-latin.woff2 from "127.0.0.1".
Cross-origin access to Next.js dev resources is blocked by default for safety.

To allow this host in development, add it to "allowedDevOrigins" in next.config.js and restart the dev server:

// next.config.js
module.exports = {
  allowedDevOrigins: ['127.0.0.1'],
}

Read more: https://nextjs.org/docs/app/api-reference/config/next-config-js/allowedDevOrigins
 GET /?fresh=1 200 in 95ms (next.js: 2ms, application-code: 93ms)
 GET /?fresh=1 200 in 104ms (next.js: 2ms, application-code: 102ms)
 GET /?fresh=1 200 in 94ms (next.js: 2ms, application-code: 92ms)
 GET /?fresh=1 200 in 117ms (next.js: 2ms, application-code: 115ms)
 GET /?fresh=1 200 in 118ms (next.js: 2ms, application-code: 116ms)
 GET /?fresh=1 200 in 93ms (next.js: 2ms, application-code: 90ms)
 GET /?fresh=1 200 in 121ms (next.js: 2ms, application-code: 119ms)
 GET /?fresh=1 200 in 101ms (next.js: 2ms, application-code: 98ms)
 GET /?fresh=1 200 in 107ms (next.js: 2ms, application-code: 105ms)
 GET /?fresh=1 200 in 111ms (next.js: 6ms, application-code: 105ms)
 GET /?fresh=1 200 in 102ms (next.js: 2ms, application-code: 100ms)
 GET /?fresh=1 200 in 98ms (next.js: 4ms, application-code: 94ms)
 GET /?fresh=1 200 in 116ms (next.js: 7ms, application-code: 109ms)
 GET /?fresh=1 200 in 95ms (next.js: 2ms, application-code: 93ms)
 GET /?fresh=1 200 in 99ms (next.js: 5ms, application-code: 94ms)
 GET /?fresh=1 200 in 102ms (next.js: 5ms, application-code: 97ms)
 GET /?fresh=1 200 in 102ms (next.js: 5ms, application-code: 97ms)
 GET /?fresh=1 200 in 93ms (next.js: 3ms, application-code: 90ms)
 GET /?fresh=1 200 in 87ms (next.js: 2ms, application-code: 85ms)
 GET /?fresh=1 200 in 103ms (next.js: 5ms, application-code: 98ms)
 GET /?fresh=1 200 in 88ms (next.js: 2ms, application-code: 86ms)
 GET /?fresh=1 200 in 86ms (next.js: 2ms, application-code: 84ms)
 GET /?fresh=1 200 in 101ms (next.js: 3ms, application-code: 99ms)
 GET /?fresh=1 200 in 109ms (next.js: 3ms, application-code: 106ms)
 GET /?fresh=1 200 in 132ms (next.js: 6ms, application-code: 126ms)
 GET /?fresh=1 200 in 204ms (next.js: 7ms, application-code: 197ms)
 GET / 200 in 146ms (next.js: 4ms, application-code: 142ms)
 GET /?fresh=1 200 in 100ms (next.js: 4ms, application-code: 96ms)
 GET /?fresh=1 200 in 105ms (next.js: 5ms, application-code: 99ms)
 GET /?fresh=1 200 in 93ms (next.js: 2ms, application-code: 91ms)
 GET / 200 in 59ms (next.js: 10ms, application-code: 48ms)
 GET / 200 in 29ms (next.js: 3ms, application-code: 25ms)
✓ Compiled in 151ms
 GET /?fresh=1 200 in 96ms (next.js: 2ms, application-code: 94ms)
✓ Compiled in 124ms
 GET / 200 in 60ms (next.js: 12ms, application-code: 48ms)
 GET / 200 in 60ms (next.js: 36ms, application-code: 24ms)
 GET /?fresh=1 200 in 100ms (next.js: 2ms, application-code: 98ms)
 GET /?fresh=1 200 in 78ms (next.js: 2ms, application-code: 76ms)
 GET /?fresh=1 200 in 89ms (next.js: 2ms, application-code: 86ms)
 GET /?fresh=1 200 in 94ms (next.js: 2ms, application-code: 92ms)
 GET / 200 in 123ms (next.js: 4ms, application-code: 119ms)
 GET /?fresh=1 200 in 94ms (next.js: 2ms, application-code: 92ms)
 GET /?fresh=1 200 in 146ms (next.js: 4ms, application-code: 142ms)
 GET /?fresh=1 200 in 124ms (next.js: 2ms, application-code: 122ms)
 GET /?fresh=1 200 in 101ms (next.js: 2ms, application-code: 98ms)
 GET /?fresh=1 200 in 115ms (next.js: 3ms, application-code: 112ms)
 GET /?fresh=1 200 in 124ms (next.js: 3ms, application-code: 121ms)
 GET /?fresh=1 200 in 103ms (next.js: 2ms, application-code: 101ms)
 GET / 200 in 179ms (next.js: 6ms, application-code: 173ms)
 GET /rooms 200 in 25ms (next.js: 8ms, application-code: 17ms)
[browser] Detected `scroll-behavior: smooth` on the `<html>` element. To disable smooth scrolling during route transitions, add `data-scroll-behavior="smooth"` to your <html> element. Learn more: https://nextjs.org/docs/messages/missing-data-scroll-behavior
 GET / 200 in 19ms (next.js: 3ms, application-code: 16ms)
 GET /offers 200 in 28ms (next.js: 12ms, application-code: 16ms)
 GET /contact 200 in 44ms (next.js: 20ms, application-code: 24ms)
 GET /?fresh=1 200 in 95ms (next.js: 2ms, application-code: 93ms)
 GET / 200 in 19ms (next.js: 4ms, application-code: 15ms)
 GET /?fresh=1 200 in 95ms (next.js: 2ms, application-code: 93ms)
 GET /?fresh=1 200 in 101ms (next.js: 5ms, application-code: 96ms)
 GET /?fresh=1 200 in 101ms (next.js: 4ms, application-code: 97ms)
 GET /?fresh=1 200 in 111ms (next.js: 2ms, application-code: 109ms)
 GET /?fresh=1 200 in 157ms (next.js: 4ms, application-code: 153ms)
 GET /?fresh=1 200 in 129ms (next.js: 3ms, application-code: 126ms)
 GET /?fresh=1 200 in 132ms (next.js: 3ms, application-code: 129ms)
 GET /?fresh=1 200 in 149ms (next.js: 4ms, application-code: 145ms)
 GET /?fresh=1 200 in 96ms (next.js: 2ms, application-code: 93ms)
 GET /?fresh=1 200 in 76ms (next.js: 2ms, application-code: 74ms)
 GET /?fresh=1 200 in 84ms (next.js: 3ms, application-code: 80ms)
 GET /?fresh=1 200 in 90ms (next.js: 5ms, application-code: 85ms)
 GET /?fresh=1 200 in 97ms (next.js: 5ms, application-code: 91ms)
 GET /?fresh=1 200 in 86ms (next.js: 2ms, application-code: 83ms)
 GET /?fresh=1 200 in 101ms (next.js: 2ms, application-code: 98ms)
 GET /?fresh=1 200 in 89ms (next.js: 2ms, application-code: 87ms)
 GET /?fresh=1 200 in 103ms (next.js: 2ms, application-code: 101ms)
 GET /?fresh=1 200 in 112ms (next.js: 3ms, application-code: 109ms)
 GET /?fresh=1 200 in 87ms (next.js: 2ms, application-code: 85ms)
 GET /?fresh=1 200 in 90ms (next.js: 2ms, application-code: 88ms)
 GET /?fresh=1 200 in 90ms (next.js: 2ms, application-code: 87ms)
 GET /?fresh=1 200 in 99ms (next.js: 3ms, application-code: 96ms)
 GET /?fresh=1 200 in 89ms (next.js: 2ms, application-code: 86ms)
 GET /?fresh=1 200 in 92ms (next.js: 2ms, application-code: 89ms)
 GET /?fresh=1 200 in 93ms (next.js: 2ms, application-code: 91ms)
 GET /?fresh=1 200 in 100ms (next.js: 4ms, application-code: 96ms)
 GET /?fresh=1 200 in 150ms (next.js: 4ms, application-code: 146ms)
 GET /?fresh=1 200 in 215ms (next.js: 5ms, application-code: 209ms)
 GET /?fresh=1 200 in 143ms (next.js: 4ms, application-code: 140ms)
 GET /?fresh=1 200 in 220ms (next.js: 7ms, application-code: 214ms)
 GET /?fresh=1 200 in 344ms (next.js: 6ms, application-code: 338ms)
 GET /?fresh=1 200 in 99ms (next.js: 2ms, application-code: 96ms)
 GET /?fresh=1 200 in 98ms (next.js: 3ms, application-code: 95ms)
 GET /?fresh=1 200 in 120ms (next.js: 3ms, application-code: 117ms)
 GET /?fresh=1 200 in 114ms (next.js: 3ms, application-code: 112ms)
 GET /?fresh=1 200 in 250ms (next.js: 5ms, application-code: 245ms)
 GET /?fresh=1 200 in 110ms (next.js: 3ms, application-code: 107ms)
 GET /?fresh=1 200 in 102ms (next.js: 4ms, application-code: 97ms)
 GET /?fresh=1 200 in 108ms (next.js: 7ms, application-code: 101ms)
 GET /?fresh=1 200 in 107ms (next.js: 4ms, application-code: 102ms)
 GET /?fresh=1 200 in 93ms (next.js: 3ms, application-code: 91ms)
 GET /?fresh=1 200 in 95ms (next.js: 3ms, application-code: 92ms)
 GET /?fresh=1 200 in 109ms (next.js: 6ms, application-code: 103ms)
 GET /?fresh=1 200 in 97ms (next.js: 2ms, application-code: 94ms)
 GET /?fresh=1 200 in 105ms (next.js: 6ms, application-code: 99ms)
 GET /?fresh=1 200 in 97ms (next.js: 5ms, application-code: 93ms)
 GET /?fresh=1 200 in 91ms (next.js: 2ms, application-code: 88ms)
 GET /?fresh=1 200 in 88ms (next.js: 1.9ms, application-code: 86ms)
 GET /?fresh=1 200 in 94ms (next.js: 3ms, application-code: 91ms)
 GET /?fresh=1 200 in 102ms (next.js: 6ms, application-code: 96ms)
 GET /?fresh=1 200 in 94ms (next.js: 4ms, application-code: 90ms)
 GET /?fresh=1 200 in 93ms (next.js: 3ms, application-code: 90ms)
 GET /?fresh=1 200 in 100ms (next.js: 7ms, application-code: 93ms)
 GET /?fresh=1 200 in 92ms (next.js: 2ms, application-code: 89ms)
 GET /?fresh=1 200 in 90ms (next.js: 2ms, application-code: 88ms)
 GET /?fresh=1 200 in 89ms (next.js: 2ms, application-code: 87ms)
 GET /?fresh=1 200 in 91ms (next.js: 2ms, application-code: 89ms)
 GET /?fresh=1 200 in 101ms (next.js: 2ms, application-code: 99ms)
 GET /?fresh=1 200 in 111ms (next.js: 3ms, application-code: 108ms)
 GET /?fresh=1 200 in 110ms (next.js: 3ms, application-code: 107ms)
 GET /?fresh=1 200 in 97ms (next.js: 2ms, application-code: 95ms)
 GET /?fresh=1 200 in 94ms (next.js: 2ms, application-code: 92ms)
 GET /?fresh=1 200 in 97ms (next.js: 3ms, application-code: 94ms)
 GET /?fresh=1 200 in 102ms (next.js: 6ms, application-code: 96ms)
 GET /?fresh=1 200 in 91ms (next.js: 3ms, application-code: 89ms)
 GET /?fresh=1 200 in 111ms (next.js: 4ms, application-code: 107ms)
 GET /?fresh=1 200 in 96ms (next.js: 3ms, application-code: 93ms)
 GET /?fresh=1 200 in 98ms (next.js: 4ms, application-code: 94ms)
 GET /?fresh=1 200 in 104ms (next.js: 2ms, application-code: 101ms)
 GET /contact 200 in 37ms (next.js: 6ms, application-code: 31ms)
 GET /offers 200 in 28ms (next.js: 5ms, application-code: 23ms)
 GET /rooms 200 in 27ms (next.js: 4ms, application-code: 23ms)
 GET /rooms/deluxe-queen 200 in 64ms (next.js: 39ms, application-code: 25ms)
 GET / 200 in 20ms (next.js: 3ms, application-code: 17ms)
 GET /?fresh=1 200 in 106ms (next.js: 3ms, application-code: 103ms)
 GET /?fresh=1 200 in 145ms (next.js: 4ms, application-code: 141ms)
 GET /?fresh=1 200 in 102ms (next.js: 4ms, application-code: 98ms)
 GET /?fresh=1 200 in 96ms (next.js: 2ms, application-code: 94ms)
 GET /?fresh=1 200 in 99ms (next.js: 2ms, application-code: 97ms)
 GET /?fresh=1 200 in 117ms (next.js: 4ms, application-code: 113ms)
 GET /?fresh=1 200 in 94ms (next.js: 3ms, application-code: 91ms)
 GET /?fresh=1 200 in 100ms (next.js: 4ms, application-code: 95ms)
 GET /?fresh=1 200 in 96ms (next.js: 2ms, application-code: 94ms)
 GET /?fresh=1 200 in 92ms (next.js: 2ms, application-code: 90ms)
 GET /?fresh=1 200 in 120ms (next.js: 3ms, application-code: 117ms)
 GET /?fresh=1 200 in 97ms (next.js: 3ms, application-code: 94ms)
 GET /?fresh=1 200 in 102ms (next.js: 2ms, application-code: 100ms)
 GET /?fresh=1 200 in 104ms (next.js: 2ms, application-code: 101ms)
 GET /?fresh=1 200 in 136ms (next.js: 6ms, application-code: 130ms)
 GET /?fresh=1 200 in 89ms (next.js: 3ms, application-code: 87ms)
 GET /?fresh=1 200 in 132ms (next.js: 3ms, application-code: 129ms)
 GET /?fresh=1 200 in 97ms (next.js: 2ms, application-code: 94ms)
 GET /?fresh=1 200 in 117ms (next.js: 3ms, application-code: 114ms)
 GET /?fresh=1 200 in 105ms (next.js: 5ms, application-code: 100ms)
 GET /?fresh=1 200 in 105ms (next.js: 3ms, application-code: 102ms)
 GET /?fresh=1 200 in 108ms (next.js: 3ms, application-code: 104ms)
 GET /?fresh=1 200 in 95ms (next.js: 2ms, application-code: 93ms)
 GET /?fresh=1 200 in 98ms (next.js: 4ms, application-code: 94ms)
 GET /?fresh=1 200 in 92ms (next.js: 2ms, application-code: 90ms)
 GET /?fresh=1 200 in 94ms (next.js: 2ms, application-code: 92ms)
 GET /?fresh=1 200 in 97ms (next.js: 2ms, application-code: 95ms)
 GET /?fresh=1 200 in 94ms (next.js: 3ms, application-code: 91ms)
 GET /?fresh=1 200 in 90ms (next.js: 2ms, application-code: 87ms)
 GET /?fresh=1 200 in 95ms (next.js: 2ms, application-code: 93ms)
 GET /?fresh=1 200 in 91ms (next.js: 2ms, application-code: 89ms)
 GET /?fresh=1 200 in 93ms (next.js: 5ms, application-code: 88ms)
 GET /?fresh=1 200 in 90ms (next.js: 2ms, application-code: 88ms)
 GET /?fresh=1 200 in 91ms (next.js: 2ms, application-code: 89ms)
 GET /?fresh=1 200 in 90ms (next.js: 2ms, application-code: 88ms)
 GET /?fresh=1 200 in 95ms (next.js: 2ms, application-code: 93ms)
 GET /?fresh=1 200 in 94ms (next.js: 2ms, application-code: 91ms)
 GET /?fresh=1 200 in 100ms (next.js: 4ms, application-code: 96ms)
 GET /?fresh=1 200 in 87ms (next.js: 2.0ms, application-code: 85ms)
 GET /?fresh=1 200 in 105ms (next.js: 6ms, application-code: 98ms)
 GET /?fresh=1 200 in 89ms (next.js: 2ms, application-code: 87ms)
 GET /?fresh=1 200 in 97ms (next.js: 4ms, application-code: 93ms)
 GET /?fresh=1 200 in 101ms (next.js: 4ms, application-code: 97ms)
 GET /?fresh=1 200 in 87ms (next.js: 2ms, application-code: 85ms)
 GET /?fresh=1 200 in 90ms (next.js: 2ms, application-code: 88ms)
 GET /?fresh=1 200 in 92ms (next.js: 2ms, application-code: 90ms)
 GET /?fresh=1 200 in 95ms (next.js: 4ms, application-code: 91ms)
 GET /?fresh=1 200 in 92ms (next.js: 2.0ms, application-code: 90ms)
 GET /?fresh=1 200 in 92ms (next.js: 3ms, application-code: 90ms)
 GET /?fresh=1 200 in 90ms (next.js: 2ms, application-code: 88ms)
 GET /?fresh=1 200 in 100ms (next.js: 5ms, application-code: 95ms)
 GET /?fresh=1 200 in 91ms (next.js: 2ms, application-code: 89ms)
 GET /?fresh=1 200 in 86ms (next.js: 5ms, application-code: 82ms)
 GET /?fresh=1 200 in 85ms (next.js: 2ms, application-code: 83ms)
 GET /?fresh=1 200 in 90ms (next.js: 2.0ms, application-code: 88ms)
 GET / 200 in 8ms (next.js: 3ms, application-code: 6ms)
 GET / 200 in 19ms (next.js: 3ms, application-code: 16ms)
 GET / 200 in 19ms (next.js: 3ms, application-code: 16ms)
 GET / 200 in 16ms (next.js: 3ms, application-code: 13ms)
 GET / 200 in 19ms (next.js: 3ms, application-code: 16ms)
 GET /rooms 200 in 20ms (next.js: 3ms, application-code: 17ms)
 GET / 200 in 19ms (next.js: 3ms, application-code: 16ms)
 GET /?fresh=1 200 in 94ms (next.js: 2ms, application-code: 92ms)
 GET /?fresh=1 200 in 90ms (next.js: 2ms, application-code: 88ms)
 GET / 200 in 153ms (next.js: 4ms, application-code: 148ms)
 GET /?fresh=1 200 in 308ms (next.js: 8ms, application-code: 300ms)
 GET /?fresh=1 200 in 97ms (next.js: 3ms, application-code: 94ms)
 GET /?fresh=1 200 in 95ms (next.js: 3ms, application-code: 92ms)
 GET /?fresh=1 200 in 110ms (next.js: 3ms, application-code: 107ms)
 GET /?fresh=1 200 in 104ms (next.js: 3ms, application-code: 102ms)
 GET /?fresh=1 200 in 105ms (next.js: 2ms, application-code: 102ms)
 GET /?fresh=1 200 in 103ms (next.js: 4ms, application-code: 99ms)
 GET /?fresh=1 200 in 103ms (next.js: 2ms, application-code: 101ms)
 GET /?fresh=1 200 in 108ms (next.js: 2ms, application-code: 106ms)
 GET /?fresh=1 200 in 97ms (next.js: 2ms, application-code: 95ms)
 GET /?fresh=1 200 in 117ms (next.js: 2ms, application-code: 115ms)
 GET /?fresh=1 200 in 111ms (next.js: 2ms, application-code: 109ms)
 GET /?fresh=1 200 in 120ms (next.js: 2ms, application-code: 118ms)
 GET /?fresh=1 200 in 120ms (next.js: 2ms, application-code: 118ms)
 GET /?fresh=1 200 in 113ms (next.js: 3ms, application-code: 110ms)
 GET /?fresh=1 200 in 103ms (next.js: 2ms, application-code: 100ms)
 GET /?fresh=1 200 in 108ms (next.js: 2ms, application-code: 105ms)
 GET /?fresh=1 200 in 112ms (next.js: 3ms, application-code: 109ms)
 GET /?fresh=1 200 in 90ms (next.js: 3ms, application-code: 87ms)
 GET /?fresh=1 200 in 104ms (next.js: 2ms, application-code: 101ms)
 GET /?fresh=1 200 in 117ms (next.js: 3ms, application-code: 114ms)
 GET /?fresh=1 200 in 127ms (next.js: 3ms, application-code: 123ms)
 GET /?fresh=1 200 in 116ms (next.js: 3ms, application-code: 114ms)
 GET /?fresh=1 200 in 117ms (next.js: 3ms, application-code: 114ms)
 GET /?fresh=1 200 in 116ms (next.js: 3ms, application-code: 114ms)
 GET /?fresh=1 200 in 113ms (next.js: 3ms, application-code: 111ms)
 GET /?fresh=1 200 in 144ms (next.js: 3ms, application-code: 141ms)
 GET /?fresh=1 200 in 109ms (next.js: 2ms, application-code: 106ms)
 GET /?fresh=1 200 in 114ms (next.js: 2ms, application-code: 112ms)
 GET /?fresh=1 200 in 111ms (next.js: 2ms, application-code: 109ms)
 GET /?fresh=1 200 in 116ms (next.js: 3ms, application-code: 113ms)
 GET /?fresh=1 200 in 127ms (next.js: 3ms, application-code: 124ms)
 GET /?fresh=1 200 in 114ms (next.js: 3ms, application-code: 112ms)
 GET /?fresh=1 200 in 117ms (next.js: 2ms, application-code: 115ms)
 GET /?fresh=1 200 in 115ms (next.js: 2ms, application-code: 113ms)
 GET /?fresh=1 200 in 118ms (next.js: 2ms, application-code: 115ms)
 GET /?fresh=1 200 in 119ms (next.js: 3ms, application-code: 117ms)
 GET /?fresh=1 200 in 119ms (next.js: 2ms, application-code: 116ms)
 GET /?fresh=1 200 in 123ms (next.js: 2ms, application-code: 121ms)
 GET /?fresh=1 200 in 127ms (next.js: 3ms, application-code: 125ms)
 GET /?fresh=1 200 in 119ms (next.js: 2ms, application-code: 117ms)
 GET /?fresh=1 200 in 163ms (next.js: 3ms, application-code: 161ms)
 GET /?fresh=1 200 in 119ms (next.js: 3ms, application-code: 116ms)
 GET /?fresh=1 200 in 342ms (next.js: 7ms, application-code: 334ms)
 GET /?fresh=1 200 in 190ms (next.js: 6ms, application-code: 184ms)
 GET /?fresh=1 200 in 156ms (next.js: 3ms, application-code: 152ms)
 GET /?fresh=1 200 in 128ms (next.js: 3ms, application-code: 125ms)
 GET /?fresh=1 200 in 117ms (next.js: 2ms, application-code: 115ms)
 GET /?fresh=1 200 in 121ms (next.js: 3ms, application-code: 118ms)
 GET /?fresh=1 200 in 127ms (next.js: 3ms, application-code: 124ms)
 GET /?fresh=1 200 in 117ms (next.js: 2ms, application-code: 115ms)
 GET /?fresh=1 200 in 122ms (next.js: 3ms, application-code: 120ms)
 GET /?fresh=1 200 in 128ms (next.js: 3ms, application-code: 124ms)
 GET /?fresh=1 200 in 116ms (next.js: 3ms, application-code: 113ms)
 GET /?fresh=1 200 in 127ms (next.js: 3ms, application-code: 124ms)
 GET /?fresh=1 200 in 121ms (next.js: 5ms, application-code: 116ms)
 GET /?fresh=1 200 in 127ms (next.js: 2ms, application-code: 125ms)
 GET /?fresh=1 200 in 110ms (next.js: 3ms, application-code: 107ms)
 GET /?fresh=1 200 in 117ms (next.js: 2ms, application-code: 115ms)
 GET /?fresh=1 200 in 112ms (next.js: 2ms, application-code: 110ms)
 GET /?fresh=1 200 in 242ms (next.js: 6ms, application-code: 236ms)
 GET /?fresh=1 200 in 109ms (next.js: 2ms, application-code: 107ms)
 GET /?fresh=1 200 in 114ms (next.js: 3ms, application-code: 111ms)
 GET /?fresh=1 200 in 105ms (next.js: 2ms, application-code: 103ms)
 GET /?fresh=1 200 in 112ms (next.js: 2ms, application-code: 110ms)
 GET /?fresh=1 200 in 116ms (next.js: 3ms, application-code: 113ms)
 GET /?fresh=1 200 in 112ms (next.js: 3ms, application-code: 110ms)
 GET /?fresh=1 200 in 107ms (next.js: 2ms, application-code: 104ms)
 GET /?fresh=1 200 in 142ms (next.js: 3ms, application-code: 139ms)
 GET /?fresh=1 200 in 112ms (next.js: 2ms, application-code: 109ms)
 GET /?fresh=1 200 in 111ms (next.js: 2ms, application-code: 109ms)
 GET /?fresh=1 200 in 120ms (next.js: 3ms, application-code: 118ms)
 GET /?fresh=1 200 in 125ms (next.js: 3ms, application-code: 122ms)
 GET /?fresh=1 200 in 111ms (next.js: 2ms, application-code: 109ms)
 GET /?fresh=1 200 in 112ms (next.js: 2ms, application-code: 110ms)
 GET /?fresh=1 200 in 109ms (next.js: 2ms, application-code: 107ms)
 GET /?fresh=1 200 in 110ms (next.js: 2ms, application-code: 108ms)
 GET /?fresh=1 200 in 135ms (next.js: 2ms, application-code: 133ms)
 GET /?fresh=1 200 in 108ms (next.js: 2ms, application-code: 105ms)
 GET /?fresh=1 200 in 125ms (next.js: 3ms, application-code: 123ms)
 GET /?fresh=1 200 in 106ms (next.js: 2ms, application-code: 104ms)
 GET /?fresh=1 200 in 107ms (next.js: 2ms, application-code: 105ms)
 GET /?fresh=1 200 in 107ms (next.js: 3ms, application-code: 104ms)
 GET /?fresh=1 200 in 115ms (next.js: 3ms, application-code: 112ms)
 GET /?fresh=1 200 in 110ms (next.js: 2ms, application-code: 108ms)
 GET /?fresh=1 200 in 106ms (next.js: 2ms, application-code: 104ms)
 GET /?fresh=1 200 in 117ms (next.js: 3ms, application-code: 115ms)
 GET /?fresh=1 200 in 118ms (next.js: 2ms, application-code: 116ms)
 GET /?fresh=1 200 in 121ms (next.js: 3ms, application-code: 118ms)
 GET /?fresh=1 200 in 127ms (next.js: 2ms, application-code: 125ms)
 GET /?fresh=1 200 in 107ms (next.js: 2ms, application-code: 105ms)
 GET /?fresh=1 200 in 121ms (next.js: 2ms, application-code: 119ms)
 GET /?fresh=1 200 in 114ms (next.js: 3ms, application-code: 112ms)
 GET /?fresh=1 200 in 112ms (next.js: 2ms, application-code: 109ms)
 GET /?fresh=1 200 in 114ms (next.js: 2ms, application-code: 112ms)
 GET /?fresh=1 200 in 112ms (next.js: 3ms, application-code: 110ms)
 GET /?fresh=1 200 in 114ms (next.js: 3ms, application-code: 111ms)
 GET /?fresh=1 200 in 116ms (next.js: 3ms, application-code: 113ms)
 GET /?fresh=1 200 in 108ms (next.js: 3ms, application-code: 106ms)
 GET /?fresh=1 200 in 104ms (next.js: 3ms, application-code: 101ms)
 GET /?fresh=1 200 in 136ms (next.js: 3ms, application-code: 133ms)
 GET /?fresh=1 200 in 113ms (next.js: 2ms, application-code: 111ms)
 GET /?fresh=1 200 in 105ms (next.js: 2ms, application-code: 103ms)
 GET /?fresh=1 200 in 111ms (next.js: 2ms, application-code: 108ms)
 GET /?fresh=1 200 in 120ms (next.js: 3ms, application-code: 117ms)
 GET /?fresh=1 200 in 118ms (next.js: 2ms, application-code: 116ms)
 GET /?fresh=1 200 in 120ms (next.js: 2ms, application-code: 117ms)
 GET /?fresh=1 200 in 107ms (next.js: 2ms, application-code: 104ms)
 GET /?fresh=1 200 in 110ms (next.js: 2ms, application-code: 108ms)
 GET /?fresh=1 200 in 131ms (next.js: 2ms, application-code: 129ms)
 GET /?fresh=1 200 in 104ms (next.js: 2ms, application-code: 102ms)
 GET /?fresh=1 200 in 102ms (next.js: 2ms, application-code: 100ms)
 GET /?fresh=1 200 in 108ms (next.js: 2ms, application-code: 105ms)
 GET /?fresh=1 200 in 104ms (next.js: 2ms, application-code: 102ms)
 GET /?fresh=1 200 in 105ms (next.js: 2ms, application-code: 103ms)
 GET /?fresh=1 200 in 121ms (next.js: 3ms, application-code: 118ms)
 GET /?fresh=1 200 in 127ms (next.js: 2ms, application-code: 125ms)
 GET /?fresh=1 200 in 111ms (next.js: 3ms, application-code: 108ms)
 GET /?fresh=1 200 in 121ms (next.js: 2ms, application-code: 119ms)
 GET /?fresh=1 200 in 111ms (next.js: 3ms, application-code: 108ms)
 GET /?fresh=1 200 in 110ms (next.js: 3ms, application-code: 107ms)
 GET /?fresh=1 200 in 114ms (next.js: 2ms, application-code: 111ms)
 GET /?fresh=1 200 in 107ms (next.js: 2ms, application-code: 105ms)
 GET /?fresh=1 200 in 111ms (next.js: 2ms, application-code: 108ms)
 GET /?fresh=1 200 in 110ms (next.js: 2ms, application-code: 107ms)
 GET /?fresh=1 200 in 112ms (next.js: 2ms, application-code: 110ms)
 GET /?fresh=1 200 in 106ms (next.js: 2ms, application-code: 104ms)
 GET /?fresh=1 200 in 109ms (next.js: 2ms, application-code: 107ms)
 GET /?fresh=1 200 in 109ms (next.js: 2ms, application-code: 106ms)
 GET /?fresh=1 200 in 117ms (next.js: 3ms, application-code: 113ms)
 GET /?fresh=1 200 in 111ms (next.js: 2ms, application-code: 108ms)
 GET /?fresh=1 200 in 120ms (next.js: 3ms, application-code: 117ms)
 GET /?fresh=1 200 in 107ms (next.js: 3ms, application-code: 104ms)
 GET /?fresh=1 200 in 104ms (next.js: 2ms, application-code: 102ms)
 GET /?fresh=1 200 in 109ms (next.js: 2ms, application-code: 107ms)
 GET /?fresh=1 200 in 113ms (next.js: 2ms, application-code: 110ms)
 GET /?fresh=1 200 in 107ms (next.js: 2ms, application-code: 105ms)
 GET /?fresh=1 200 in 107ms (next.js: 2ms, application-code: 105ms)
 GET /?fresh=1 200 in 106ms (next.js: 2ms, application-code: 104ms)
 GET /?fresh=1 200 in 121ms (next.js: 2ms, application-code: 119ms)
 GET /?fresh=1 200 in 106ms (next.js: 2ms, application-code: 104ms)
 GET /?fresh=1 200 in 107ms (next.js: 2ms, application-code: 104ms)
 GET /?fresh=1 200 in 117ms (next.js: 2ms, application-code: 115ms)
 GET /?fresh=1 200 in 108ms (next.js: 2ms, application-code: 106ms)
 GET /?fresh=1 200 in 89ms (next.js: 3ms, application-code: 87ms)
 GET /?fresh=1 200 in 94ms (next.js: 2ms, application-code: 91ms)
 GET /?fresh=1 200 in 104ms (next.js: 2ms, application-code: 102ms)
 GET /?fresh=1 200 in 106ms (next.js: 2ms, application-code: 103ms)
 GET /?fresh=1 200 in 113ms (next.js: 2ms, application-code: 110ms)
 GET /?fresh=1 200 in 113ms (next.js: 2ms, application-code: 111ms)
 GET /?fresh=1 200 in 107ms (next.js: 2ms, application-code: 105ms)
 GET /?fresh=1 200 in 133ms (next.js: 4ms, application-code: 129ms)
 GET /?fresh=1 200 in 111ms (next.js: 3ms, application-code: 109ms)
 GET /?fresh=1 200 in 118ms (next.js: 3ms, application-code: 115ms)
 GET /?fresh=1 200 in 111ms (next.js: 2ms, application-code: 109ms)
 GET /?fresh=1 200 in 108ms (next.js: 2ms, application-code: 105ms)
 GET /?fresh=1 200 in 114ms (next.js: 2ms, application-code: 112ms)
 GET /?fresh=1 200 in 107ms (next.js: 2ms, application-code: 105ms)
 GET /?fresh=1 200 in 115ms (next.js: 2ms, application-code: 113ms)
 GET /?fresh=1 200 in 119ms (next.js: 2ms, application-code: 117ms)
 GET /?fresh=1 200 in 114ms (next.js: 2ms, application-code: 112ms)
 GET /?fresh=1 200 in 119ms (next.js: 2ms, application-code: 117ms)
 GET /?fresh=1 200 in 118ms (next.js: 2ms, application-code: 116ms)
 GET /?fresh=1 200 in 109ms (next.js: 2ms, application-code: 106ms)
 GET /?fresh=1 200 in 128ms (next.js: 3ms, application-code: 125ms)
 GET /?fresh=1 200 in 114ms (next.js: 2ms, application-code: 112ms)
 GET /?fresh=1 200 in 132ms (next.js: 2ms, application-code: 130ms)
 GET /?fresh=1 200 in 108ms (next.js: 2ms, application-code: 106ms)
 GET /?fresh=1 200 in 121ms (next.js: 3ms, application-code: 118ms)
 GET /?fresh=1 200 in 111ms (next.js: 2ms, application-code: 109ms)
 GET /?fresh=1 200 in 113ms (next.js: 3ms, application-code: 110ms)
 GET /?fresh=1 200 in 115ms (next.js: 3ms, application-code: 113ms)
 GET /?fresh=1 200 in 120ms (next.js: 3ms, application-code: 118ms)
 GET /?fresh=1 200 in 116ms (next.js: 2ms, application-code: 114ms)
 GET /?fresh=1 200 in 125ms (next.js: 2ms, application-code: 123ms)
 GET /?fresh=1 200 in 113ms (next.js: 3ms, application-code: 110ms)
 GET /?fresh=1 200 in 139ms (next.js: 3ms, application-code: 136ms)
 GET /?fresh=1 200 in 116ms (next.js: 2ms, application-code: 114ms)
 GET /?fresh=1 200 in 114ms (next.js: 2ms, application-code: 111ms)
 GET /?fresh=1 200 in 125ms (next.js: 2ms, application-code: 122ms)
 GET /?fresh=1 200 in 117ms (next.js: 2ms, application-code: 114ms)
 GET /?fresh=1 200 in 113ms (next.js: 2ms, application-code: 111ms)
 GET /?fresh=1 200 in 141ms (next.js: 4ms, application-code: 137ms)
 GET /?fresh=1 200 in 127ms (next.js: 3ms, application-code: 124ms)
 GET /?fresh=1 200 in 239ms (next.js: 5ms, application-code: 234ms)
 GET /rooms 200 in 41ms (next.js: 9ms, application-code: 32ms)
 GET /rooms 200 in 26ms (next.js: 3ms, application-code: 22ms)
[browser] Detected `scroll-behavior: smooth` on the `<html>` element. To disable smooth scrolling during route transitions, add `data-scroll-behavior="smooth"` to your <html> element. Learn more: https://nextjs.org/docs/messages/missing-data-scroll-behavior
 GET /rooms 200 in 370ms (next.js: 4ms, application-code: 366ms)
 GET /rooms 200 in 185ms (next.js: 6ms, application-code: 179ms)
 GET / 200 in 136ms (next.js: 103ms, application-code: 33ms)
 GET /?_mvua=mv-ios-v1 200 in 377ms (next.js: 4ms, application-code: 373ms)
 GET /?_mvua=mv-ios-v1 200 in 225ms (next.js: 5ms, application-code: 220ms)
[browser] A tree hydrated but some attributes of the server rendered HTML didn't match the client properties. This won't be patched up. This can happen if a SSR-ed Client Component used:

- A server/client branch `if (typeof window !== 'undefined')`.
- Variable input such as `Date.now()` or `Math.random()` which changes each time it's called.
- Date formatting in a user's locale which doesn't match the server.
- External changing data without sending a snapshot of it along with the HTML.
- Invalid HTML tag nesting.

It can also happen if the client has a browser extension installed which messes with the HTML before React loaded.

https://react.dev/link/hydration-mismatch

  ...
    <DevRootHTTPAccessFallbackBoundary>
      <HTTPAccessFallbackBoundary notFound={<NotAllowedRootHTTPFallbackError>}>
        <HTTPAccessFallbackErrorBoundary pathname="/" notFound={<NotAllowedRootHTTPFallbackError>} forbidden={undefined} ...>
          <RedirectBoundary>
            <RedirectErrorBoundary router={{...}}>
              <Head>
              <__next_root_layout_boundary__>
                <SegmentViewNode type="layout" pagePath="layout.tsx">
                  <SegmentTrieNode>
                  <link>
                  <script>
                  <script>
                  <RootLayout>
                    <html lang="ar" dir="rtl" data-theme="light" className="h-full ant..." ...>
                      <head>
                      <body className="flex min-h...">
                        <script>
                        <I18nProvider>
                          <ThemeProvider>
                            <ScrollProgress>
                            <Navbar>
                            <main>
                            <Footer>
                            <FloatingWhatsApp>
                            <MobileBookBar>
                              <div
                                className="safe-bottom fixed inset-x-0 bottom-0 z-[55] border-t border-line bg-surface..."
                                style={{
+                                 transform: "translateY(0)"
-                                 transform: "translateY(0px)"
+                                 transitionTimingFunction: "cubic-bezier(0.22, 1, 0.36, 1)"
-                                 transition-timing-function: "cubic-bezier(0.22, 1, 0.36, 1)"
-                                 translate: "0px -106.7px"
                                }}
                              >
              ...
 
[browser] Image with src "/images/lobby-warm.jpg" was detected as the Largest Contentful Paint (LCP). Please add the `loading="eager"` property if this image is above the fold.
Read more: https://nextjs.org/docs/app/api-reference/components/image#loading
 GET /?fresh=1 200 in 152ms (next.js: 3ms, application-code: 149ms)
 GET /?fresh=1 200 in 123ms (next.js: 3ms, application-code: 120ms)
 GET /?fresh=1 200 in 110ms (next.js: 2ms, application-code: 108ms)
 GET /?fresh=1 200 in 118ms (next.js: 3ms, application-code: 115ms)
 GET /?fresh=1 200 in 109ms (next.js: 3ms, application-code: 106ms)
 GET /?fresh=1 200 in 111ms (next.js: 3ms, application-code: 108ms)
 GET /?fresh=1 200 in 161ms (next.js: 3ms, application-code: 158ms)
 GET /?fresh=1 200 in 141ms (next.js: 3ms, application-code: 138ms)
 GET /?fresh=1 200 in 121ms (next.js: 4ms, application-code: 117ms)
 GET /?fresh=1 200 in 115ms (next.js: 4ms, application-code: 111ms)
 GET /?fresh=1 200 in 109ms (next.js: 3ms, application-code: 107ms)
 GET /?fresh=1 200 in 103ms (next.js: 6ms, application-code: 98ms)
 GET /?fresh=1 200 in 97ms (next.js: 3ms, application-code: 94ms)
 GET / 200 in 109ms (next.js: 4ms, application-code: 105ms)
 GET /?fresh=1 200 in 100ms (next.js: 2ms, application-code: 98ms)
 GET /?fresh=1 200 in 98ms (next.js: 2ms, application-code: 96ms)
 GET /?fresh=1 200 in 115ms (next.js: 3ms, application-code: 112ms)
